2026-05-27 10:23:00 | INFO     | __main__ — Starting up — creating database tables if not present …
2026-05-27 10:23:00 | INFO     | __main__ — Database tables ready.
2026-05-27 10:23:46 | INFO     | repository — Saved submission id=70bcf6c7-6b11-4715-8786-9b2832be83af
2026-05-27 10:23:46 | INFO     | email_service — Preparing notification email for submission 70bcf6c7-6b11-4715-8786-9b2832be83af to 1 recipient(s): jeevadarshan71@gmail.com
2026-05-27 10:24:06 | INFO     | email_service — Notification sent for submission 70bcf6c7-6b11-4715-8786-9b2832be83af via smtp.gmail.com:587
2026-05-27 10:25:53 | INFO     | __main__ — Shutting down.
2026-05-27 10:29:26 | INFO     | __main__ — Starting up — creating database tables if not present …
2026-05-27 10:29:26 | INFO     | __main__ — Database tables ready.
2026-05-27 10:30:15 | WARNING  | routes — Business rule violation: Please provide at least 5 words describing your project.
2026-05-27 10:30:31 | INFO     | repository — Saved submission id=9d9e901b-59e6-4e77-8880-b04c9514563a
2026-05-27 10:30:31 | INFO     | email_service — Preparing notification email for submission 9d9e901b-59e6-4e77-8880-b04c9514563a to 2 recipient(s): jeevadarshan71@gmail.com, viswa3104@gmail.com
2026-05-27 10:30:37 | INFO     | email_service — Notification sent for submission 9d9e901b-59e6-4e77-8880-b04c9514563a via smtp.gmail.com:587
2026-05-27 10:36:14 | INFO     | __main__ — Shutting down.
2026-05-27 10:36:24 | INFO     | __main__ — Starting up — creating database tables if not present …
2026-05-27 10:36:24 | INFO     | __main__ — Database tables ready.  
2026-05-27 10:36:38 | INFO     | repository — Saved submission id=ec2b5d69-7440-45a7-8232-4f197a19be74
2026-05-27 10:36:38 | INFO     | email_service — Preparing notification email for submission ec2b5d69-7440-45a7-8232-4f197a19be74 to 2 recipient(s): jeevadarshan71@gmail.com, viswa3104@gmail.com
2026-05-27 10:36:42 | INFO     | email_service — Notification sent for submission ec2b5d69-7440-45a7-8232-4f197a19be74 via smtp.gmail.com:587
2026-05-27 10:38:42 | INFO     | __main__ — Shutting down.
2026-05-27 10:56:39 | INFO     | __main__ — Starting up — creating database tables if not present …
2026-05-27 10:59:41 | INFO     | __main__ — Starting up — creating database tables if not present …
2026-05-27 11:03:55 | INFO     | __main__ — Starting up — creating database tables if not present …
2026-05-27 11:04:32 | INFO     | __main__ — Starting up — creating database tables if not present …
2026-05-27 11:05:04 | INFO     | __main__ — Starting up — creating database tables if not present …
2026-05-27 11:05:32 | INFO     | __main__ — Starting up — creating database tables if not present …
2026-05-27 11:08:03 | INFO     | __main__ — Starting up — creating database tables if not present …
2026-05-27 11:12:21 | INFO     | __main__ — Starting up — creating database tables if not present …
2026-05-27 11:12:26 | INFO     | __main__ — Database tables ready.
2026-05-27 11:14:05 | INFO     | __main__ — Shutting down.
2026-05-29 16:52:02 | INFO     | __main__ — Starting up — creating database tables if not present …
2026-05-29 16:52:03 | INFO     | __main__ — Database tables ready.
2026-05-29 16:52:03 | INFO     | __main__ — Shutting down.
2026-05-29 16:52:33 | INFO     | __main__ — Starting up — creating database tables if not present …
2026-05-29 16:52:33 | INFO     | __main__ — Database tables ready.
2026-05-29 16:54:03 | WARNING  | routes — Business rule violation: Please provide at least 5 words describing your project.
2026-05-29 16:54:13 | INFO     | repository — Saved submission id=b1d19031-06f2-4395-8911-ba65b5709c70
2026-05-29 16:54:13 | INFO     | email_service — Preparing notification email for submission b1d19031-06f2-4395-8911-ba65b5709c70 to 2 recipient(s): jeevadarshan71@gmail.com, viswa3104@gmail.com
2026-05-29 16:54:18 | INFO     | email_service — Notification sent for submission b1d19031-06f2-4395-8911-ba65b5709c70 via smtp.gmail.com:587
2026-05-30 14:58:14 | ERROR    | repository — DB error: (psycopg2.OperationalError) connection to server at "aws-1-ap-southeast-1.pooler.supabase.com" (13.213.241.248), port 6543 failed: FATAL:  password authentication failed for user "postgres"
connection to server at "aws-1-ap-southeast-1.pooler.supabase.com" (13.213.241.248), port 6543 failed: FATAL:  password authentication failed for user "postgres"

(Background on this error at: https://sqlalche.me/e/20/e3q8)
2026-05-30 14:58:14 | ERROR    | routes — Unexpected error during contact submission: (psycopg2.OperationalError) connection to server at "aws-1-ap-southeast-1.pooler.supabase.com" (13.213.241.248), port 6543 failed: FATAL:  password authentication failed for user "postgres"
connection to server at "aws-1-ap-southeast-1.pooler.supabase.com" (13.213.241.248), port 6543 failed: FATAL:  password authentication failed for user "postgres"

(Background on this error at: https://sqlalche.me/e/20/e3q8)
Traceback (most recent call last):
  File "C:\Users\Vishwanathan\AppData\Roaming\Python\Python313\site-packages\sqlalchemy\pool\base.py", line 1319, in _checkout
    raise exc.InvalidatePoolError()
sqlalchemy.exc.InvalidatePoolError: ()

During handling of the above exception, another exception occurred:

Traceback (most recent call last):
  File "C:\Users\Vishwanathan\AppData\Roaming\Python\Python313\site-packages\sqlalchemy\engine\base.py", line 144, in __init__
    self._dbapi_connection = engine.raw_connection()
                             ~~~~~~~~~~~~~~~~~~~~~^^
  File "C:\Users\Vishwanathan\AppData\Roaming\Python\Python313\site-packages\sqlalchemy\engine\base.py", line 3319, in raw_connection
    return self.pool.connect()
           ~~~~~~~~~~~~~~~~~^^
  File "C:\Users\Vishwanathan\AppData\Roaming\Python\Python313\site-packages\sqlalchemy\pool\base.py", line 448, in connect
    return _ConnectionFairy._checkout(self)
           ~~~~~~~~~~~~~~~~~~~~~~~~~~^^^^^^
  File "C:\Users\Vishwanathan\AppData\Roaming\Python\Python313\site-packages\sqlalchemy\pool\base.py", line 1353, in _checkout
    with util.safe_reraise():
         ~~~~~~~~~~~~~~~~~^^
  File "C:\Users\Vishwanathan\AppData\Roaming\Python\Python313\site-packages\sqlalchemy\util\langhelpers.py", line 122, in __exit__
    raise exc_value.with_traceback(exc_tb)
  File "C:\Users\Vishwanathan\AppData\Roaming\Python\Python313\site-packages\sqlalchemy\pool\base.py", line 1350, in _checkout
    fairy._connection_record.get_connection()
    ~~~~~~~~~~~~~~~~~~~~~~~~~~~~~~~~~~~~~~~^^
  File "C:\Users\Vishwanathan\AppData\Roaming\Python\Python313\site-packages\sqlalchemy\pool\base.py", line 837, in get_connection
    self.__connect()
    ~~~~~~~~~~~~~~^^
  File "C:\Users\Vishwanathan\AppData\Roaming\Python\Python313\site-packages\sqlalchemy\pool\base.py", line 900, in __connect
    with util.safe_reraise():
         ~~~~~~~~~~~~~~~~~^^
  File "C:\Users\Vishwanathan\AppData\Roaming\Python\Python313\site-packages\sqlalchemy\util\langhelpers.py", line 122, in __exit__
    raise exc_value.with_traceback(exc_tb)
  File "C:\Users\Vishwanathan\AppData\Roaming\Python\Python313\site-packages\sqlalchemy\pool\base.py", line 896, in __connect
    self.dbapi_connection = connection = pool._invoke_creator(self)
                                         ~~~~~~~~~~~~~~~~~~~~^^^^^^
  File "C:\Users\Vishwanathan\AppData\Roaming\Python\Python313\site-packages\sqlalchemy\engine\create.py", line 667, in connect
    return dialect.connect(*cargs_tup, **cparams)
           ~~~~~~~~~~~~~~~^^^^^^^^^^^^^^^^^^^^^^^
  File "C:\Users\Vishwanathan\AppData\Roaming\Python\Python313\site-packages\sqlalchemy\engine\default.py", line 630, in connect
    return self.loaded_dbapi.connect(*cargs, **cparams)  # type: ignore[no-any-return]  # NOQA: E501
           ~~~~~~~~~~~~~~~~~~~~~~~~~^^^^^^^^^^^^^^^^^^^
  File "C:\Users\Vishwanathan\AppData\Roaming\Python\Python313\site-packages\psycopg2\__init__.py", line 135, in connect
    conn = _connect(dsn, connection_factory=connection_factory, **kwasync)
psycopg2.OperationalError: connection to server at "aws-1-ap-southeast-1.pooler.supabase.com" (13.213.241.248), port 6543 failed: FATAL:  password authentication failed for user "postgres"
connection to server at "aws-1-ap-southeast-1.pooler.supabase.com" (13.213.241.248), port 6543 failed: FATAL:  password authentication failed for user "postgres"


The above exception was the direct cause of the following exception:

Traceback (most recent call last):
  File "C:\Users\Vishwanathan\OneDrive\ドキュメント\companyportfolio\zeptrix-portfolio\backend\routes.py", line 48, in submit_contact_form
    submission = service.submit_contact_form(payload)
  File "C:\Users\Vishwanathan\OneDrive\ドキュメント\companyportfolio\zeptrix-portfolio\backend\services.py", line 32, in submit_contact_form
    return self.repo.create(data)
           ~~~~~~~~~~~~~~~~^^^^^^
  File "C:\Users\Vishwanathan\OneDrive\ドキュメント\companyportfolio\zeptrix-portfolio\backend\repository.py", line 30, in create
    self.db.commit()
    ~~~~~~~~~~~~~~^^
  File "C:\Users\Vishwanathan\AppData\Roaming\Python\Python313\site-packages\sqlalchemy\orm\session.py", line 2034, in commit
    trans.commit(_to_root=True)
    ~~~~~~~~~~~~^^^^^^^^^^^^^^^
  File "<string>", line 2, in commit
  File "C:\Users\Vishwanathan\AppData\Roaming\Python\Python313\site-packages\sqlalchemy\orm\state_changes.py", line 137, in _go
    ret_value = fn(self, *arg, **kw)
  File "C:\Users\Vishwanathan\AppData\Roaming\Python\Python313\site-packages\sqlalchemy\orm\session.py", line 1315, in commit
    self._prepare_impl()
    ~~~~~~~~~~~~~~~~~~^^
  File "<string>", line 2, in _prepare_impl
  File "C:\Users\Vishwanathan\AppData\Roaming\Python\Python313\site-packages\sqlalchemy\orm\state_changes.py", line 137, in _go
    ret_value = fn(self, *arg, **kw)
  File "C:\Users\Vishwanathan\AppData\Roaming\Python\Python313\site-packages\sqlalchemy\orm\session.py", line 1290, in _prepare_impl
    self.session.flush()
    ~~~~~~~~~~~~~~~~~~^^
  File "C:\Users\Vishwanathan\AppData\Roaming\Python\Python313\site-packages\sqlalchemy\orm\session.py", line 4352, in flush
    self._flush(objects)
    ~~~~~~~~~~~^^^^^^^^^
  File "C:\Users\Vishwanathan\AppData\Roaming\Python\Python313\site-packages\sqlalchemy\orm\session.py", line 4487, in _flush
    with util.safe_reraise():
         ~~~~~~~~~~~~~~~~~^^
  File "C:\Users\Vishwanathan\AppData\Roaming\Python\Python313\site-packages\sqlalchemy\util\langhelpers.py", line 122, in __exit__
    raise exc_value.with_traceback(exc_tb)
  File "C:\Users\Vishwanathan\AppData\Roaming\Python\Python313\site-packages\sqlalchemy\orm\session.py", line 4448, in _flush
    flush_context.execute()
    ~~~~~~~~~~~~~~~~~~~~~^^
  File "C:\Users\Vishwanathan\AppData\Roaming\Python\Python313\site-packages\sqlalchemy\orm\unitofwork.py", line 465, in execute
    rec.execute(self)
    ~~~~~~~~~~~^^^^^^
  File "C:\Users\Vishwanathan\AppData\Roaming\Python\Python313\site-packages\sqlalchemy\orm\unitofwork.py", line 641, in execute
    util.preloaded.orm_persistence.save_obj(
    ~~~~~~~~~~~~~~~~~~~~~~~~~~~~~~~~~~~~~~~^
        self.mapper,
        ^^^^^^^^^^^^
        uow.states_for_mapper_hierarchy(self.mapper, False, False),
        ^^^^^^^^^^^^^^^^^^^^^^^^^^^^^^^^^^^^^^^^^^^^^^^^^^^^^^^^^^^
        uow,
        ^^^^
    )
    ^
  File "C:\Users\Vishwanathan\AppData\Roaming\Python\Python313\site-packages\sqlalchemy\orm\persistence.py", line 69, in save_obj
    ) in _organize_states_for_save(base_mapper, states, uowtransaction):
         ~~~~~~~~~~~~~~~~~~~~~~~~~^^^^^^^^^^^^^^^^^^^^^^^^^^^^^^^^^^^^^
  File "C:\Users\Vishwanathan\AppData\Roaming\Python\Python313\site-packages\sqlalchemy\orm\persistence.py", line 224, in _organize_states_for_save
    for state, dict_, mapper, connection in _connections_for_states(
                                            ~~~~~~~~~~~~~~~~~~~~~~~^
        base_mapper, uowtransaction, states
        ^^^^^^^^^^^^^^^^^^^^^^^^^^^^^^^^^^^
    ):
    ^
  File "C:\Users\Vishwanathan\AppData\Roaming\Python\Python313\site-packages\sqlalchemy\orm\persistence.py", line 1760, in _connections_for_states
    connection = uowtransaction.transaction.connection(base_mapper)
  File "<string>", line 2, in connection
  File "C:\Users\Vishwanathan\AppData\Roaming\Python\Python313\site-packages\sqlalchemy\orm\state_changes.py", line 137, in _go
    ret_value = fn(self, *arg, **kw)
  File "C:\Users\Vishwanathan\AppData\Roaming\Python\Python313\site-packages\sqlalchemy\orm\session.py", line 1041, in connection
    return self._connection_for_bind(bind, execution_options)
           ~~~~~~~~~~~~~~~~~~~~~~~~~^^^^^^^^^^^^^^^^^^^^^^^^^
  File "<string>", line 2, in _connection_for_bind
  File "C:\Users\Vishwanathan\AppData\Roaming\Python\Python313\site-packages\sqlalchemy\orm\state_changes.py", line 137, in _go
    ret_value = fn(self, *arg, **kw)
  File "C:\Users\Vishwanathan\AppData\Roaming\Python\Python313\site-packages\sqlalchemy\orm\session.py", line 1177, in _connection_for_bind
    conn = self._parent._connection_for_bind(
        bind, execution_options
    )
  File "<string>", line 2, in _connection_for_bind
  File "C:\Users\Vishwanathan\AppData\Roaming\Python\Python313\site-packages\sqlalchemy\orm\state_changes.py", line 137, in _go
    ret_value = fn(self, *arg, **kw)
  File "C:\Users\Vishwanathan\AppData\Roaming\Python\Python313\site-packages\sqlalchemy\orm\session.py", line 1191, in _connection_for_bind
    conn = bind.connect()
  File "C:\Users\Vishwanathan\AppData\Roaming\Python\Python313\site-packages\sqlalchemy\engine\base.py", line 3295, in connect
    return self._connection_cls(self)
           ~~~~~~~~~~~~~~~~~~~~^^^^^^
  File "C:\Users\Vishwanathan\AppData\Roaming\Python\Python313\site-packages\sqlalchemy\engine\base.py", line 146, in __init__
    Connection._handle_dbapi_exception_noconnection(
    ~~~~~~~~~~~~~~~~~~~~~~~~~~~~~~~~~~~~~~~~~~~~~~~^
        err, dialect, engine
        ^^^^^^^^^^^^^^^^^^^^
    )
    ^
  File "C:\Users\Vishwanathan\AppData\Roaming\Python\Python313\site-packages\sqlalchemy\engine\base.py", line 2450, in _handle_dbapi_exception_noconnection
    raise sqlalchemy_exception.with_traceback(exc_info[2]) from e
  File "C:\Users\Vishwanathan\AppData\Roaming\Python\Python313\site-packages\sqlalchemy\engine\base.py", line 144, in __init__
    self._dbapi_connection = engine.raw_connection()
                             ~~~~~~~~~~~~~~~~~~~~~^^
  File "C:\Users\Vishwanathan\AppData\Roaming\Python\Python313\site-packages\sqlalchemy\engine\base.py", line 3319, in raw_connection
    return self.pool.connect()
           ~~~~~~~~~~~~~~~~~^^
  File "C:\Users\Vishwanathan\AppData\Roaming\Python\Python313\site-packages\sqlalchemy\pool\base.py", line 448, in connect
    return _ConnectionFairy._checkout(self)
           ~~~~~~~~~~~~~~~~~~~~~~~~~~^^^^^^
  File "C:\Users\Vishwanathan\AppData\Roaming\Python\Python313\site-packages\sqlalchemy\pool\base.py", line 1353, in _checkout
    with util.safe_reraise():
         ~~~~~~~~~~~~~~~~~^^
  File "C:\Users\Vishwanathan\AppData\Roaming\Python\Python313\site-packages\sqlalchemy\util\langhelpers.py", line 122, in __exit__
    raise exc_value.with_traceback(exc_tb)
  File "C:\Users\Vishwanathan\AppData\Roaming\Python\Python313\site-packages\sqlalchemy\pool\base.py", line 1350, in _checkout
    fairy._connection_record.get_connection()
    ~~~~~~~~~~~~~~~~~~~~~~~~~~~~~~~~~~~~~~~^^
  File "C:\Users\Vishwanathan\AppData\Roaming\Python\Python313\site-packages\sqlalchemy\pool\base.py", line 837, in get_connection
    self.__connect()
    ~~~~~~~~~~~~~~^^
  File "C:\Users\Vishwanathan\AppData\Roaming\Python\Python313\site-packages\sqlalchemy\pool\base.py", line 900, in __connect
    with util.safe_reraise():
         ~~~~~~~~~~~~~~~~~^^
  File "C:\Users\Vishwanathan\AppData\Roaming\Python\Python313\site-packages\sqlalchemy\util\langhelpers.py", line 122, in __exit__
    raise exc_value.with_traceback(exc_tb)
  File "C:\Users\Vishwanathan\AppData\Roaming\Python\Python313\site-packages\sqlalchemy\pool\base.py", line 896, in __connect
    self.dbapi_connection = connection = pool._invoke_creator(self)
                                         ~~~~~~~~~~~~~~~~~~~~^^^^^^
  File "C:\Users\Vishwanathan\AppData\Roaming\Python\Python313\site-packages\sqlalchemy\engine\create.py", line 667, in connect
    return dialect.connect(*cargs_tup, **cparams)
           ~~~~~~~~~~~~~~~^^^^^^^^^^^^^^^^^^^^^^^
  File "C:\Users\Vishwanathan\AppData\Roaming\Python\Python313\site-packages\sqlalchemy\engine\default.py", line 630, in connect
    return self.loaded_dbapi.connect(*cargs, **cparams)  # type: ignore[no-any-return]  # NOQA: E501
           ~~~~~~~~~~~~~~~~~~~~~~~~~^^^^^^^^^^^^^^^^^^^
  File "C:\Users\Vishwanathan\AppData\Roaming\Python\Python313\site-packages\psycopg2\__init__.py", line 135, in connect
    conn = _connect(dsn, connection_factory=connection_factory, **kwasync)
sqlalchemy.exc.OperationalError: (psycopg2.OperationalError) connection to server at "aws-1-ap-southeast-1.pooler.supabase.com" (13.213.241.248), port 6543 failed: FATAL:  password authentication failed for user "postgres"
connection to server at "aws-1-ap-southeast-1.pooler.supabase.com" (13.213.241.248), port 6543 failed: FATAL:  password authentication failed for user "postgres"

(Background on this error at: https://sqlalche.me/e/20/e3q8)
